// Jest Snapshot v1, https://goo.gl/fbAQLP

exports[`dynamic schema attributes should dynamically add attributes when configured 1`] = `
<div contenteditable="true"
     role="textbox"
     autofocus="false"
     aria-multiline="true"
     aria-label
     class="ProseMirror remirror-editor"
>
  <h1>
    This is a heading
    <br>
  </h1>
  <p id="1">
    Welcome to the
    <strong id="1">
      bold experiment
    </strong>
    <br>
  </p>
  <p id="2">
    <br>
  </p>
  <p id="3">
    <br>
  </p>
  <p id="4">
    <br>
  </p>
</div>
`;

exports[`dynamic schema attributes should dynamically add attributes when configured 2`] = `
Snapshot Diff:
Compared values have no visual difference.
`;
