// Jest Snapshot v1, https://goo.gl/fbAQLP

exports[`Remirror Controlled Component should call onStateChange 1`] = `
Object {
  "content": Array [
    Object {
      "content": Array [
        Object {
          "text": "Hello",
          "type": "text",
        },
      ],
      "type": "paragraph",
    },
  ],
  "type": "doc",
}
`;
