// Jest Snapshot v1, https://goo.gl/fbAQLP

exports[`social editor should support content 1`] = `
<div
  aria-label=""
  aria-multiline="true"
  aria-placeholder=""
  class="ProseMirror remirror-editor"
  contenteditable="true"
  role="textbox"
>
  <p>
    This is the social editor 
    <a
      class="mention mention-at"
      data-mention-id="abc"
      data-mention-name="at"
      href="/user/abc"
      role="presentation"
    >
      @abc
    </a>
  </p>
  <p>
    Awesome ❤️ 
    <a
      href="//website.co"
      role="presentation"
    >
      website.co
    </a>
  </p>
</div>
`;
